asdfasdf

qwerqwer


end
